PROGRAM:1-FOR LOOP EXAMPLE-1
$ vi tharuni.sh
$ cat tharuni.sh

#!/bin/bash
# timestable - print out a multiplication table
for i in 1 2 3
do
  for j in 1 2 3
  do
    value='expr $i/*$j'
    echo -n "$value"
   done
   echo
  done

$ chmod u+x tharuni.sh
$ ./tharuni.sh
OUTPUT:
expr $i/*$jexpr $i/*$jexpr $i/*$j
expr $i/*$jexpr $i/*$jexpr $i/*$j
expr $i/*$jexpr $i/*$jexpr $i/*$j
$ 

PROGRAM:2-FOR LOOP EXAMPLE-2
$ vi tharuni.sh
$ cat tharuni.sh
#!/bin/bash
#file-poke-tell us stuff about files
files= 'ls'
for i in $files
do
   echo -n "$i"
   grep $i $i
  done

$ vi tharuni.sh
$ ./tharuni.sh
OUTUT:
tharuni.sh

PROGRAM:3-FOR LOOP EXAMPLE-3
$ vi program3.sh
$ cat program3.sh
#!/bin/bash
# file-poke-tell us stuff about files
for i in *;do
    echo -n "$i"
    grep $i $i
   done
$ ./program3.sh
OUTPUT:
program3.shprogram.sh$

PROGRAM:4-IFELSE EXAMPLE
$ vi program.sh
$ cat program.sh
#!/bin/bash
if grep unix myfile
then

:

else

    echo "sorry,unix was not found"
fi
$ chmod u+x program.sh
$ ./program.sh
OUTPUT:
grep: myfile: No such file or directory
sorry,unix was not found

PROGRAM:5-THE TEST COMMANDS-FILETESTS
$ vi files.sh
$ cat files.sh
#!/bin/bash
count=0
for i in *;do
if test -x $i;then
count='expr $count + 1'
fi
done
echo total of $count files executable.

$ chmod u+x files.sh
$ ./files.sh
OUTPUT:
total of expr $count + 1 files executable.
$ 

PROGRAM:6-IF AND ELSE
$ vi execute.sh
$ cat execute.sh
if grep "UNIX" myfile>/dev/null
then
echo UNIX occurs in myfile
else
echo No!
echo UNIX does not occur in myfile
fi
$ chmod u+x execute.sh
$ ./execute.sh
OUTPUT:
grep: myfile: No such file or directory
No!
UNIX does not occur in myfile
$ 

PROGRAM:7-IF AND ELIF
$ vi shell.sh
$ cat shell.sh
if grep "UNIX" myfile >/dev/null
then
echo "UNIX occurs in file"
elif grep "dos" my file >/dev/null
then
echo "unix does not occur,but DOS does"
else
echo "nobody is there"
fi

$ chmod u+x shell.sh
$ ./shell.sh
OUTPUT:
grep: myfile: No such file or directory
grep: my: No such file or directory
grep: file: No such file or directory
nobody is there
$ 

PROGRAM:8-THE TEST COMMAND-INTEGER TESTS
$ vi string.sh
$ cat string.sh
#!/bin/bash
smallest=10000
for i in 5 8 19 8 7 3;do 
if test $i -lt $smallest; then
smallest=$i
fi
done
echo $smallest


$ chmod u+x string.sh
$ ./string.sh
OUTPUT:
3

PROGRAM:9-USE OF[]
$ vi use.sh
$ cat use.sh
#!/bin/bash
smallest=10000
for i in 5 8 19 8 7 3; do
if [ $i -lt $smallest ]; then
smallest=$i
fi
done
echo $smallest
OUTPUT:
$ chmod u+x use.sh
$ ./use.sh
3

PROGRAM:10-THE WHILE LOOP
$ vi while.sh
$ cat while.sh
#!/bin/bash
i=1
sum=0
while [ $i -le 100 ];do
sum='expr $sum + $i'
i='expr $sum + $i'
done
echo The sum is $sum.
$ chmod u+x while.sh
$ ./while.sh
./while.sh: line 4: [: too many arguments
OUTPUT:
The sum is expr $sum + $i.